HWI-962:71:D0PEYACXX:4:1101:16964:2424/2	CAGAGTCCTCCCTGAGAAACTTGGGGTAGATTTAGATGCCCAGACCTGGAGGATCCCCAGGGTCTTCTCATGGTT	???BDBBDDBAFDHEGGHEGCDDEBF)?C??FCFCHIEGGIIGHGHFF@GDFCG;???BDBBDDBAFDHEGGHEG	0	-
HWI-962:71:D0PEYACXX:4:1101:6571:3355/1	TTTTCATCCAGCGGGATGTCTTCCAGAGGAAATCTCCTCACGCACATGTCCGCCTCGTACTTCTTCCCGTAGAGG	CCCFFFFFHHHHHJJIJIIJJJJJJJIJJJJJJJJJJJJJIJJJJJJJJJJJJJHCCCFFFFFHHHHHJJIJIIJ	0	-
HWI-962:71:D0PEYACXX:4:1101:13072:4120/2	GAAAAAGTGAGAGTTACAGCGAAAGTTCAAGTGACTCTTCATCTAGATATTCCGATTGGACAGCTGATGCGGGCA	@@@FFFF?CFHFHEGIJJIIIIJBHFHIIJIFHJIJJIIJJJJJIJIIIIIJJJJ@@@FFFF?CFHFHEGIJJII	0	-
HWI-962:71:D0PEYACXX:4:1101:1665:4854/2	GGTGACCTTGCCAGCTCCATTGGCCTTCTTTTCCACTGCTTTGATGACACCCACCGCAACTGTCTGACTCATATC	+B+A:=DDH=D############################################+B+A:=DDH=D#########	0	-
HWI-962:71:D0PEYACXX:4:1101:10101:5881/2	CAGAACCCTGAGAGAATAGTCAAGCTACACAGAATAGGTGACTTCATTGATGTGAGTGATGGCCCTCTTATTCCA	@CCFFFFFGHHHHJJJJJJJIIJIJJIJGIJIJJIGEHHHIJIIIJIJJJIHFGI@CCFFFFFGHHHHJJJJJJJ	0	-
HWI-962:71:D0PEYACXX:4:1101:6076:6848/2	GTTCTGCTCTAATGTCTTCAATTTTGGACTTGGCGGTTCTGTGGAGGTTAAAAAACTCTTCAAAATTTTTTATCG	@@CFFFFFHHHHGJJJIIJJJIJJJIJGJJJJIIIJ?GFIIIJJJJICFHBGIIJ@@CFFFFFHHHHGJJJIIJJ	0	-
HWI-962:71:D0PEYACXX:4:1101:13871:6953/2	AATTCTTTGTGGCCCCTTTGTCCAAAAGTGGAATGGAAAAATGCTCAATATCCACCCATCCTTGCTCCCTTCTTT	@@CFFFFF<FHHHJIJJIJJIJJJJIJIEFHIJJJJJIJJJJIGJJJJJJJJIJJ@@CFFFFF<FHHHJIJJIJJ	0	-
HWI-962:71:D0PEYACXX:4:1101:3514:8918/1	GGAGATGAAGAAGAAGAGCCAGCCTTGTCACCACCAGCAGCACTGATGTCTCTTCTTAGCATTCAAGAGGACTTA	BC@DDEFFHHHHGJJJJJJJJIJJJJJJJIIJJJIJJJJJJJJJJIJJJIIJJJJBC@DDEFFHHHHGJJJJJJJ	0	-
HWI-962:71:D0PEYACXX:4:1101:20966:9406/1	CACTGACCAGGGCTCCGCTGAGCAGCAGCATGGCGATGGTGGCCTCAAGCCCCATCTTGCTGATGGTGGAGAAGA	@@@DDDDDDHFHD>EFDHIG<FH@GBHGGGGGGHA<FHGIIGBHGDCGGIIIIHF@@@DDDDDDHFHD>EFDHIG	0	-
HWI-962:71:D0PEYACXX:4:1101:12140:10019/1	CGCAAGGTGGCCTGTATTGGGGCATGGCATCCTGCTCGTGTAGCCTTCTCTGTGGCACGCGCTGGGCAGAAAGGC	CCCFFFFDFHHHHJIJJJJJIIJJJJJIJJJJJJJJJJIJIIJJJJJJJJJJGHJCCCFFFFDFHHHHJIJJJJJ	0	-
HWI-962:71:D0PEYACXX:4:1101:11567:10288/2	TTTCACTTTTATGTCTTCAATCGTGCTCTGAACAGTTTGGTTAAGGTTGAAAAATTCGCCAAAATGTTTTTTGGC	CCCFFFFFHHHHHGHJJJIJIJIHIIHIGGGIJIJHIIGIHHGIJJFGGGBFIICCCCFFFFFHHHHHGHJJJIJ	0	-
HWI-962:71:D0PEYACXX:4:1101:8050:11788/1	CCCGTCTCGGCTTGTTCAGAGCACACCTCTCGAACCACCTCTTCCACAGACTCTGTGGTGGTGGTGGTGGTGGTG	@@@DDDDDFHHHH<CD:<<ADB9+<CE;B<C:3D@GBFHAG@GDFBC<BFHIGCC@@@DDDDDFHHHH<CD:<<A	0	-
HWI-962:71:D0PEYACXX:4:1101:12064:12975/2	GCCAGTAGAGGCAGGGATGATGTTCTGGAGAGCCCCGCGGCCATAACGCCACAGTTTCCCGGAGGGGCCATCCAC	=?BDD=DBHHGHFIBD+232+<?C+21@CC?CCFGG)??A@E<;>;3;?>A@?=;=?BDD=DBHHGHFIBD+232	0	-
HWI-962:71:D0PEYACXX:4:1101:2485:13352/2	CATTCAGGATGGCCAGGGAGAAGTTAGACTTCTCCTTGGGGGGCTTCTGGTGGGCGAGGAGCTTGTAAATGTTCC	B@?+BDFAHADDBD;:C?:@FFCFFBFGC9?<CADHI@GIGJDDDDDDDDDCDDDB@?+BDFAHADDBD;:C?:@	0	-
HWI-962:71:D0PEYACXX:4:1101:9054:13569/2	TAAGAATGCAGGTGTTGAAGGATCTTTGATAGTTGAGAAAATTATGCAAAGTTCCTCAGAAGTTGGTTATGATGC	=B@D:D;?DFHHA<GGIICHGJIJDCHG@HIIIII@FIGHIIIIIGGGIII>DGG=B@D:D;?DFHHA<GGIICH	0	-
HWI-962:71:D0PEYACXX:4:1101:2056:13775/1	CTAAGTCAAGGCCAAGTATTGAAATTGGAGGCTAAGACTGATCCGTCAATCTTGGGTGGAATGATTGTGCGCATT	@@@BDB;?<?::CGIFC,AFEHII>F<B<F=DGIBG>@EFFFIEE?FDA@?4BBD@@@BDB;?<?::CGIFC,AF	0	-
