HWI-962:71:D0PEYACXX:4:1101:16964:2424/2	CAGAGTCCTCCCTGAGAAACTTGGGGTAGATTTAGATGCCCAGACCTGGAGGATCCCCAGGGTCTTCTCATGGTT	???BDBBDDBAFDHEGGHEGCDDEBF)?C??FCFCHIEGGIIGHGHFF@GDFCG;CGHGEGH?CHHHHFBBCE;>	0	-
HWI-962:71:D0PEYACXX:4:1101:18640:2354/2	CGCGCGGGAGCCAGCAGGAGCACCAGCTGCGCAGGCAGGTTGAACTGCTGGCTTATAAAGTAGAGCAGGAGAAGT	@CCFFFFFHHHHHIJIJJIJJJJJJJIIJGIDGIHHHFF6>CCCDEDDDDCBDD>CCDCC>CCCCCDDDDDBDC>	0:1	chr21:+:47848466:39>1419*36
HWI-962:71:D0PEYACXX:4:1101:11827:2732/2	CTCCAAGTGGTTGATAACCATTTTGTTCATTCCATTTGGTCCATATGCTGTACGAGTGGTTTGGGCAAGCTCCTT	@@CFFFFDHHFHHJJJJJJIJJJJJFIIJJJJJIJJJJJIIIJJJJJJJJJJHJIJDGIHHIJIJJJJJJIHHHG	0:1	chr21:+:30441792:32>744*43
HWI-962:71:D0PEYACXX:4:1101:3851:2964/1	CTTCAATGTCAAGAATGTGTCTGTCAAGGATGTTCGTCGTGGCAACGTTGCTGGTGACAGCAAAAATGACCCACC	;;;;DD?;=AFBC@;4CAC<A@<A<F>GCEFFG@@@EFFD<6:DGB<B/?:B>F..)8=8@E;).6;?=.?@DCC	0	-
HWI-962:71:D0PEYACXX:4:1101:4172:3036/2	CTTTCTTCATTTCCACCTTTGCCCAAGTCATCTGCTTTTTCATGGACCACCAGTGTGCGGCCAATGATGCAATGG	CCCFFFFFHHHHHJIJIJJJJIJJJJIHHIGHIIIIIJJIIJIIGGIIIJHIIFHHIIGIJHIJIHFGHDHFFFF	0	-
HWI-962:71:D0PEYACXX:4:1101:2411:3382/2	TGCTCTTCATTATGCAAATAAATATAATATCATGTTAGTGAGGCTAAACTCAAAATGGGATCTCCGAAGACTTTG	@?@DFDFFFHHAFEBEGHICHIJJJIFGEHE>HHHIGHIJJICHGIIGIGFGIHJCFGCGHIIJGII?@8DHGHI	0	-
HWI-962:71:D0PEYACXX:4:1101:6571:3355/1	TTTTCATCCAGCGGGATGTCTTCCAGAGGAAATCTCCTCACGCACATGTCCGCCTCGTACTTCTTCCCGTAGAGG	CCCFFFFFHHHHHJJIJIIJJJJJJJIJJJJJJJJJJJJJIJJJJJJJJJJJJJHHGDFFDFEEEEDDDABDBDD	0	-
HWI-962:71:D0PEYACXX:4:1101:16931:3296/2	CTGAAAGTCAAGTTCTGACAAATTCTGGACACAAACTTGAACATATTTCCGTGTTCCTGAGGACAGGAGGCTGTG	@BCFFFF?BFBFHGIJGIIIHIIJGIJEHCFHHIEIEGHGIJJJJJIJGIFHGIJGGGGGII@HGGGJGGIEEH;	0	-
HWI-962:71:D0PEYACXX:4:1101:19511:3614/1	TCAACATTGAAATGGCCGGAATCAGGAAAAATAGATACGCATGCCTGAGCAATAAGCTTGGCCAGAAATACTTCA	CC@FFFFFGGHHHJJJJJIGIJIJIIGGEGG@@D@GIHIIJGGGIDHICGIIJJCEEEGGEECHEEDCF@CEEEC	0:1	chr21:+:30439062:37>113*38
HWI-962:71:D0PEYACXX:4:1101:12695:3785/1	CTCCTGGATGAGCTCGTCCACCACCTGCGCCAGGTCCTCGTCAGAGTACATGGGCACGGGCTCTGGAGGCGGTGG	CCCFFFFFHHHHHJJJJJJJJJGJJJJJJJJIJJHIJJJJJJJJJJGHIJJJJJJJHHEFDDDDDDCDDDDD;BD	0:1	chr21:+:47684096:36>1103*39
HWI-962:71:D0PEYACXX:4:1101:13072:4120/2	GAAAAAGTGAGAGTTACAGCGAAAGTTCAAGTGACTCTTCATCTAGATATTCCGATTGGACAGCTGATGCGGGCA	@@@FFFF?CFHFHEGIJJIIIIJBHFHIIJIFHJIJJIIJJJJJIJIIIIIJJJJIJIGIIJJJJJJHHHHFDD?	0	-
HWI-962:71:D0PEYACXX:4:1101:1665:4854/2	GGTGACCTTGCCAGCTCCATTGGCCTTCTTTTCCACTGCTTTGATGACACCCACCGCAACTGTCTGACTCATATC	+B+A:=DDH=D################################################################	0	-
HWI-962:71:D0PEYACXX:4:1101:14730:4762/2	GCAGAGCAAGCGCGGGGAACCAAGGAGACGCTCCTGGCACTGCAGATAACTTGTCTGCATTTCAAGAACAACCTA	CCCFFFFFHHHGGIJIJJIJJJJJJIJJHHHFFFEEEEEDDDDDDDDDDDDEDDCDDDDDEDEEDDDDDDDDDDD	0:1	chr21:+:26934525:45>7579*30
HWI-962:71:D0PEYACXX:4:1101:15696:4820/2	TTGGCGACATCGTCTTCACGGGCCTGAGCCAGAAGGTGAAAAAGTACGTCCGAGTCCCCCAGGACACGCCCTCCA	<@<DDFDFGDFFHJGIGFIIJIDGGJJIJJIFIJGGBG>CFHIIFEHIJJHHFF@CCEDDDBBDDDDDDDDDDDC	0:0:1	chr21:+:45784122:44>2471*12T18
HWI-962:71:D0PEYACXX:4:1101:8977:5445/2	GGCGCCTGCAGGCCTTCTCTGGGATCTCATCTTCAGGGAAAATGCCTCCTGCCAGGTCCTGCAGCTTCCGGATCA	@<@F:ADDDHHFHIGECGGE4CFE??9ECDFBFG<GGEGGFBCEF@/?BGBCA)=C=BA;=D;ED@AEC<>B<A2	0	-
HWI-962:71:D0PEYACXX:4:1101:10101:5881/2	CAGAACCCTGAGAGAATAGTCAAGCTACACAGAATAGGTGACTTCATTGATGTGAGTGATGGCCCTCTTATTCCA	@CCFFFFFGHHHHJJJJJJJIIJIJJIJGIJIJJIGEHHHIJIIIJIJJJIHFGIJBGHIIJJJJGGHIDIGJJI	0	-
HWI-962:71:D0PEYACXX:4:1101:6672:6059/1	TTTTGAAATAAAATGAACAGTTGACTTTGTCTTTCTCGGTGCCGAAGATGGAGGCCAGATACTCCGCCATTTCCC	CCCFFFFFHHGFDIJIJIIGHGGJJJJIJDEHIIIJJHIHHGGGGIIIJICCF=@@@F>DCHI;AAEFFB;;CE@	0:1	chr21:+:44524487:26>3048*49
HWI-962:71:D0PEYACXX:4:1101:10205:6188/2	CGCCGTATCGTTCCGCCTGGGCGGGATTCTGACTTAGAGGCGTTCAGTCATAATCCCACAGATGGTAGCTTCGCC	CCCFFFFFHHHHHJJJJJJJIJIJIGGEHHFGHHFFFFFEDDBDDDDDDDDDDDDDDDDDDDDDDCDDDDDDDDD	0	-
HWI-962:71:D0PEYACXX:4:1101:13677:6199/2	GCCAACTGGCTGAGCGTCTCCAACATCATCCAGCTGGGCGGCACTATCATTGGCAGCGCTCGCTGCAAGGCCTTT	CCCFFFFFHGHHHIJJJIIIJIJIJIIIIJJFIIIIJJIJJJHHFFFFFFFEEEEDDDDDDDDDDDDDDDDDDDD	0:1	chr21:+:45730931:36>1021*39
HWI-962:71:D0PEYACXX:4:1101:6267:6321/2	CTACAACGTGCCTGCAGTGGCCGAGGAGATTCAGGATGAAGTTGATGAGCTGCTTCAGAAAGAGCAAAACTATTC	BCCFFFFFFHGHHJJJJHJJJJJFHIBHHIJIIJJGGIGIJFHIJIJJJJIIJJJJIJJJHHHH3?CFFFEDEDD	0	-
HWI-962:71:D0PEYACXX:4:1101:3083:6718/2	TGGGTTAGATAAAGCGGAAAGAGCTGGTATTCCCACTAGAGTAATTAATCATAAACTGTATAAAAATCGTGTAGA	BCCFDDFFGHHHHJJJJIJJJJIJJJJFHHJJJJJJJJJJIGIJJJJIIJHGIIJJJJHIIJJIJJJJGEHHFFF	0	-
HWI-962:71:D0PEYACXX:4:1101:19290:6553/2	CCGGTTTGTTCTCTGGCTTGTCTACGACGAGTCCTCCTGGCCTCCCGCTCTGCAATGCGACGTTTTGCATGCTCT	BCCFDDFFHHGHHIJJJJJEHGHGHGIGIGIFGHBGID@GGIGIJJIIJJHHGEGEEDFFCDBBDD@CDDCCCCC	0:1	chr21:+:34123311:33>86*42
HWI-962:71:D0PEYACXX:4:1101:6076:6848/2	GTTCTGCTCTAATGTCTTCAATTTTGGACTTGGCGGTTCTGTGGAGGTTAAAAAACTCTTCAAAATTTTTTATCG	@@CFFFFFHHHHGJJJIIJJJIJJJIJGJJJJIIIJ?GFIIIJJJJICFHBGIIJIHHEHGHFFFFFFEEDDD@B	0	-
HWI-962:71:D0PEYACXX:4:1101:13871:6953/2	AATTCTTTGTGGCCCCTTTGTCCAAAAGTGGAATGGAAAAATGCTCAATATCCACCCATCCTTGCTCCCTTCTTT	@@CFFFFF<FHHHJIJJIJJIJJJJIJIEFHIJJJJJIJJJJIGJJJJJJJJIJJJJJIJJJJJIJJJJJHHHHH	0	-
HWI-962:71:D0PEYACXX:4:1101:1925:7057/2	CTGAAATCAACATTAGGTGATCAAAATTCTGAAGTGTCTAATTAAACTTTGCAGCTCTCGCCTTGCGGCTCCCGA	@@CFFFFFHHHHGJJJJAGGIIIJJJJJJIIIJJ?FHHIJJJJJJJJIJJIHGIJJJJJIJJIIGIJI>EEDFAA	0	-
HWI-962:71:D0PEYACXX:4:1101:15817:7092/1	GCAACGGGAAGCCCATCTCGTCCAGCTACGTGAAGGACCTGGTGGTTCAGAGGCTGGGCTTCGACACCCGTGTAA	CCCFFFFFGHHGHJIJJJJJIIJGGIGGJICHGIHHIIJJGJAHIGGIIIIJJIHHHHEFEFDAC>BBDB@???A	0:1	chr21:+:45736185:38>92*37
HWI-962:71:D0PEYACXX:4:1101:12157:7338/1	CTTCAATGTCAAGAATGTGTCTGTCAAGGATGTTCGTCGTGGCAACGTTGCTGGTGACAGCAAAAATGACCCACC	CCCFFFFFHHHHGJJJIHIHGIIJJJJIJGGIIJIIGHIGGGGIIIIFIJJJJIJJ@EHJJJIEHHGHHFFFFDB	0	-
HWI-962:71:D0PEYACXX:4:1101:19662:7646/2	CGTCACTGAGCTCAAGAAAGACACTGATTTCGAGCACCGCATGCCACGGGAGCAGTGGTGGCTGAGCCTGCGGCT	CCCFFFFFHHHHHIIJJJJIJIIJJJJJJIJJJJBHIJJJJJJJJJJIJJIJJGHEHHFFFFEDCDECDDDDDBB	0:1	chr21:+:45746115:33>450*42
HWI-962:71:D0PEYACXX:4:1101:8381:7835/2	CTTCGGAAACAACCATCTTCCTTCTTTGCAAAGTAAGCTCTAATATACGTTCCTTCAAATAAAAGTAATGTCAAC	?B@DDFADDDBHFHGHJDGHIIIJHGIGGIEFG:CDAFDHHJJIJIIDGFFHIIHIIGGHIEGIG@FHGGGGIJI	0	-
HWI-962:71:D0PEYACXX:4:1101:3514:8918/1	GGAGATGAAGAAGAAGAGCCAGCCTTGTCACCACCAGCAGCACTGATGTCTCTTCTTAGCATTCAAGAGGACTTA	BC@DDEFFHHHHGJJJJJJJJIJJJJJJJIIJJJIJJJJJJJJJJIJJJIIJJJJIJJJIIJIHIIIJJJJHHHH	0	-
HWI-962:71:D0PEYACXX:4:1101:5838:8933/1	GTGAAACCACTGCCCTTTTGATTCCATTTCAAAATCTTGTGGAATATCACCGTGAAGAACAAGATTAGAGAGATG	CBCFFFFFHHHHHJJJJJJJIIJJJIIJJGIIJIJJJJJHIIJIJJJJIJIJIJIIJJJJJGHJIGIIIIJJHHH	0	-
HWI-962:71:D0PEYACXX:4:1101:20966:9406/1	CACTGACCAGGGCTCCGCTGAGCAGCAGCATGGCGATGGTGGCCTCAAGCCCCATCTTGCTGATGGTGGAGAAGA	@@@DDDDDDHFHD>EFDHIG<FH@GBHGGGGGGHA<FHGIIGBHGDCGGIIIIHFHEEEDDEBCC;@C?;A?;CC	0	-
HWI-962:71:D0PEYACXX:4:1101:20966:9406/2	CTCCACCCTGTTTGACGTGGGCGGAATCTTTGGTGGGATCCTGGCAGGTGTGATCTCAGACCGACTGGAGAAAAG	@@@FFFFFBDAFBHGGI@FHECEHGHGFIGCFDBAHIGGGHGHEBDBEAECACAC@A>>:AB?;BBDDDD?BDDA	0:1	chr21:+:43983956:32>830*43
HWI-962:71:D0PEYACXX:4:1101:2733:9778/2	ATCAAACTCGCTACTAATGCTGCAGTCACTGTACTTAGAGTGGATCAGATCATCATGGCAAAACCAGCTGGTGGG	?@@DDDB?=CF?FDGGH9<AFHIG?FHIEH*19?DGDDGG?B=EEDHEFG?9D8DHHC@HCBFFEHEGHCCEE=>	0	-
HWI-962:71:D0PEYACXX:4:1101:20510:9898/2	CATGGATTCCATGTTCATGAGTTTGGAGATAATACAGCAGGCTGTACCAGTGCAGGTCCTCACTTTAATCCTCTA	@@BFFEFFHHHHFJJGEHG<?JHJ@FHGGDHIGG@EHIIJFIJJDGGIGHGHHJHGFHIIJIIJJGIJJCCDHIE	0:1	chr21:+:33036160:40>2562*35
HWI-962:71:D0PEYACXX:4:1101:10581:10184/1	TTGATGTTCTCACCTCCCTCCACGAGGCCCTCATAGCCCTCGTAGATGAGGAAGACTTTGGCACCCACATAAATG	?@@DDD:BFBB4DFGEDEFFA@G?FEG8FEFFDFFFDFFGC@DBE;B;=CFFAE@;DCFECFE@DDCCCCA;>A;	0	-
HWI-962:71:D0PEYACXX:4:1101:10581:10184/2	CGGCGTCCTGACCAGCGGCGGCGACGCGCAAGGCATGAACGCTGCTGTCCGGGCTGTGACGCGCATGGGCATTTA	B@@DDDDDHFFFHHHJII>HBGEBAB8'6:338?A38AAD?B@BD@A@CDBB@@5:8>3:8@B@7-(<8?C(:@4	0:1	chr21:+:45720042:32>6490*43
HWI-962:71:D0PEYACXX:4:1101:12140:10019/1	CGCAAGGTGGCCTGTATTGGGGCATGGCATCCTGCTCGTGTAGCCTTCTCTGTGGCACGCGCTGGGCAGAAAGGC	CCCFFFFDFHHHHJIJJJJJIIJJJJJIJJJJJJJJJJIJIIJJJJJJJJJJGHJJIIJJHFDDDDDDDDCDDDD	0	-
HWI-962:71:D0PEYACXX:4:1101:14702:10237/2	AAGTTATCCAATGAAATGGAGTTGCTTCTGAAAGGGCCTTTGACCTGTTGGATTCCTCCTTTTTCCCAGTAATGG	@@@DFFFFHHHHHJJJJIJJJIIIJJJIJJIIJGIJJJJJJIJJJJJHIIHIJJJJJJJIJJJJJJIJJHIGI@H	0	-
HWI-962:71:D0PEYACXX:4:1101:4433:10364/1	TCTGTCTTCATCTTCTCCGTCATGTGCTCCACGTTGACCTTTAAGTCGTGGATGTTGAAAGGGTCCTCGAAGACG	CCCFFFFFHHHHHJJJJJJJJJJJGHIJIJIIJIJJJJJJJGIIIDHIJIIGJJJJJJJIIJIFHIJJHGFDBDF	0	-
HWI-962:71:D0PEYACXX:4:1101:6300:10296/2	AAAGGCCTTGCAGCGAGCGCTGCCAATGATAGTGCCGCCCAGCTGGATGATGTTGGAGACGCTCAGCCAGTTGGC	:=?D?A:==DB>DHA@C@GH=FEG@B@B<:4009@?7DFEIJI@@=.??=)?=77;?@@################	0	-
HWI-962:71:D0PEYACXX:4:1101:11567:10288/2	TTTCACTTTTATGTCTTCAATCGTGCTCTGAACAGTTTGGTTAAGGTTGAAAAATTCGCCAAAATGTTTTTTGGC	CCCFFFFFHHHHHGHJJJIJIJIHIIHIGGGIJIJHIIGIHHGIJJFGGGBFIICHEIJJIJJIJJCHIJHFFDE	0	-
HWI-962:71:D0PEYACXX:4:1101:3160:10668/2	CTGCAACATAGCAACTGCACTGACAGAGAAAAACCGAGGGATTGGATTTTAGATGATAAAACACACAAAAAGCCT	B;?;BDAD?DDFDBHBF<<CFGIIIDAFHAGGGGGI@HGIHGGIIIGEIIGGIIHIFGHGEHGHFBF5;AABBDD	0:1	chr21:+:40551879:34>298*41
HWI-962:71:D0PEYACXX:4:1101:12858:10708/2	CAGCTGTCAGGTTGTTAAAATCCCCTTCTTTATTGAAGAAGTACTTGGCCAGCCGTGAGTACTTCACTTTTCCTG	BBCFFFFFFHHAFHGIJJIIIIJIIJJJJJJFIJGFIJJJJDFHIJIIEIBFGGHGHII@FHIIJJIIIIHFHHD	0	-
HWI-962:71:D0PEYACXX:4:1101:6324:11342/1	GCCCCTTCCAGATTTTCAGAAGTTCTTCCTGACTGAAACCTCCTGTCTCCCTCTGCGTCTTCACGCTGATGTACT	CCCFFFFFHHHGHJJJJJJJJIHJIJJJJIJJJJJJJJJJJJJJJIJJIJJJJJJJJHIJJIJJJJJIFHHHHFF	0	-
HWI-962:71:D0PEYACXX:4:1101:8050:11788/1	CCCGTCTCGGCTTGTTCAGAGCACACCTCTCGAACCACCTCTTCCACAGACTCTGTGGTGGTGGTGGTGGTGGTG	@@@DDDDDFHHHH<CD:<<ADB9+<CE;B<C:3D@GBFHAG@GDFBC<BFHIGCC@>A.;A5AB,;A9?B';?##	0	-
HWI-962:71:D0PEYACXX:4:1101:8911:12133/1	CGCCGACAGAACTCTAAGCCCTGCGTGAGGGTCTCCCGGATCTCCGCTGCCCTGTGCTCCGGGAAACGCTTGTGG	CCCFFFFFHHHHHJJJJJJJJJJJJHIJJIJFHIJJJIJJJJJJJJJHHFFFFEEEEEEDDDDDDDDDDDDDDDD	0:1	chr21:+:47616146:36>9568*39
HWI-962:71:D0PEYACXX:4:1101:8911:12133/2	TGGGGCACTTGCTGGAGCTGCTGAACCCCTCGGAGGTCTTCGGGGACATCATGATTGACTACACCTATGTGGAGT	CCCFFFFFHHHHHJJIJJJJJJJJJJJJJIJIJJJJDHIJJIJJJIJHHHEHFFEEFFFEEEEEDDDDDEEDDDC	0	-
HWI-962:71:D0PEYACXX:4:1101:16815:12296/1	CGGAAATCTTAGATTTGGCTCCTTTTTGCACCCTTAAATGTAAGAATGTTGCAGAAGAAAATACAAGGGTACTCT	CCCFFFFFHHHHHJJJJJJJJJJJJJJGJJJJJJJIJJJJHIJJJJJJHIJJJJJJJJJJJJJJIJJJJCEHIHH	0:1	chr21:+:30422456:44>3623*31
HWI-962:71:D0PEYACXX:4:1101:5870:12526/1	CTGGAACACGTCGATGGTGTCCTCGTCCTCCATCTCCAGCTGTGCTGGAGTGTCAGTTTCATTGATTGGCTGCCC	@C@FFFFFHHFDHJJJJHHGGIJJIGIIIJJIGIJIIEHJIJJJJJJIGHBGGJGHHGGIGEDHGGHFCHFFDDF	0:1	chr21:+:46226917:39>2006*36
HWI-962:71:D0PEYACXX:4:1101:18579:12569/1	CTCGAAGTACTATGGTAGAAATGGCGCCATCTTCCTTTTCATGCTTAAAAACCACCACCTGAGTATCTCCAACTT	BCCFFFFDDHGHHJJIJJIIIGIIIGBHGIGIJJFIIIIGBHIIJIJGJIIIGGGIJGDCHEHC@DHHHHHFHFF	0:1	chr21:+:30434526:39>84*36
HWI-962:71:D0PEYACXX:4:1101:12064:12975/2	GCCAGTAGAGGCAGGGATGATGTTCTGGAGAGCCCCGCGGCCATAACGCCACAGTTTCCCGGAGGGGCCATCCAC	=?BDD=DBHHGHFIBD+232+<?C+21@CC?CCFGG)??A@E<;>;3;?>A@?=;;@>CDBB2;BDD5;@99?39	0	-
HWI-962:71:D0PEYACXX:4:1101:18288:12754/2	TCCACGTTAGCTCCACTTTCGTCATTGGGCTCTGCCAGCATGCTCACCACCGACAGCAGGATCTTCTCCACACTC	CCCFFFFFHHHHHJJJJIJJIIIIIIIIJJIJIJJJJJJJJJJJJIJIIJIIJIJIJJHHEHFFFFFFEEEEDDD	0:1	chr21:+:46191374:31>2057*44
HWI-962:71:D0PEYACXX:4:1101:3011:13180/1	CTCTTGCAACCTGTCTCTGGACGCCATGGAGGAATTTTTGAACCGAAGAAAAATGACAGAGTTTGGCAACCTGGC	<@;DDD?D?C?FFGD>BEDEEADFD8?CF@FG?BFFIIII;BFFFFFFFEE@6CECAAC3@?@D>?>>>=@B@=?	0:0:1	chr21:+:45544578:16T14>1283*44
HWI-962:71:D0PEYACXX:4:1101:2485:13352/2	CATTCAGGATGGCCAGGGAGAAGTTAGACTTCTCCTTGGGGGGCTTCTGGTGGGCGAGGAGCTTGTAAATGTTCC	B@?+BDFAHADDBD;:C?:@FFCFFBFGC9?<CADHI@GIGJDDDDDDDDDCDDDD<BD@BD?CABDCCDDDDCC	0	-
HWI-962:71:D0PEYACXX:4:1101:5303:13483/1	TACCTCTCCACTCGACTCCATCCATACAATCACAGATAACTATGCAAAAAATCAACAGCAGAAGAAATACCAAGA	@CCFDFFFHHHHHDFHIIGBFHIEAGIIIIIEHIIIIIIIIEGIIIIIGHIIIIIICEGIH<EGFEHHHFFFFDE	0	-
HWI-962:71:D0PEYACXX:4:1101:9054:13569/2	TAAGAATGCAGGTGTTGAAGGATCTTTGATAGTTGAGAAAATTATGCAAAGTTCCTCAGAAGTTGGTTATGATGC	=B@D:D;?DFHHA<GGIICHGJIJDCHG@HIIIII@FIGHIIIIIGGGIII>DGGEHIAD?@ECCF;FEGIIJGE	0	-
HWI-962:71:D0PEYACXX:4:1101:2056:13775/1	CTAAGTCAAGGCCAAGTATTGAAATTGGAGGCTAAGACTGATCCGTCAATCTTGGGTGGAATGATTGTGCGCATT	@@@BDB;?<?::CGIFC,AFEHII>F<B<F=DGIBG>@EFFFIEE?FDA@?4BBD2-<AF>@7CDE37?7AB><=	0	-
HWI-962:71:D0PEYACXX:4:1101:3029:14439/2	CCCAAATTAGCCGCCTGGATCCAAAAACTTAATAGCTTTGGCTTAGATGCCACAGGAACTTTCTTTTCTCGTTAT	CCCFFFFFHHHHHJJJJJIIJJIJJJJIJJJJJJJJJJIJJJJJJJJJJJJIIJJIIIJJJJJJJHHHHHHEFFD	0:1	chr21:+:38525538:40>3379*35
HWI-962:71:D0PEYACXX:4:1101:4020:14429/2	CCGAGAACGACGCTCCCGGGATCGGGATCTTGATCTATGCTTCTTGCGACGGCGGCCATACAGCTCCCGCCGCAG	CCCFFFDFHHHHHJJJJIJJJJIJIJEHHJJJJJJIIJJIJJJHHHHDFFDDDDDDDBDDDDDDDDDDDDDDDB@	0:1	chr21:+:44513320:40>1221*35
HWI-962:71:D0PEYACXX:4:1101:1823:14584/2	CCCCCTCCTGCACACCCTGGAGATGCACCCAGGGAAGCTCTTGGCTGTGCCCTTCAGAGGGTTCCAGACGCCACT	@@@FDDFFHHHDFGIJFGEHCG?EFGAFHGEBDBAHGEIJGHIJJGIGHIHHEHHGDHGJH?EEF>DFEDDDDDC	0	-
