D6L3XBQ1_208:1:1101:10005:82115#10@0/2	CCAGTGTCTACCCAGCTTCTGCGGGCACCTCCCTGGGCATCCAGC	??<B4ADD?D+ADFBBCGAI<AC@GFF16D8889BG;D=F;=8=@	1:0:0	chr7:F75517522
D6L3XBQ1_208:1:1101:10005:8232#10@0/2	TTGGTTTTTATATACAGAATCCAGTGCCTTCCTGGGAGAACTACTTTTTTCCCAAAACAAAAGACGACACAATTAGTATGATAATTGCGGAGTTTAATGAA	B@@FADDDHHHDHGIJIDIIICGIICHIJECGGAEFCH<HGHJGHGIJJJJJIG@CAHEGIJIIDHHFFCDDDDDCDEEACDCDDECC=BBD29ADACDDD	1:0:0	chr6:F10671579
D6L3XBQ1_208:1:1101:10005:85616#10@0/2	CACAGAGCAGAAGCAGAGCCACCAGAATCCTCAGTTTAGTCCAAGGCCTGAGCGCCAGTAACCACTAACTCATGCTTACAGCCCACAGAGCTGTGCTCTGA	C@CFFFFFHHHHHIJIIJIJJJJJJJIJJJJJJJJJJIJJJJJJIIIJJJJJJJJJJJJIJJJHHHHHFFFFFEEEEEEEDC@DBDDDDDCDDDDCDDDDD	1:0:0	chr15:R80869371
D6L3XBQ1_208:1:1101:10005:87233#10@0/2	CGTGCACCTGTTAGAATCATTATTTTCAAAAAGATAAAAACAAAACAAAACAAGTGTTTGTGTGGCGGTGGTGAATTCTGGTATGTCTTGACAGGAGTGAA	@C@FDDFFHHHHHJJJJIJJJHIJJICHGJJJGGEHIIJJGHJJIGGIJIHIEHGFFHIJIJIIIHHF=AD;?ACCDCDEDACCCDDEDDACCCD8<3<::	1:0:0	[70-71]=chr1:F188862944~chr19:F[53208292-53208293]
D6L3XBQ1_208:1:1101:10005:9745#10@0/2	GAGGGCCCAAGTGGCCGGCCAGGCTGGGCAGCGGCCCATGCAGGAGCAGGCGAGGGCAGGTGTGGCCACCACCCTAGCCATCTAATCACTTATACATATTC	CCCFFFFFHHHHHJJJJJIJIIJJJJJJGEGEHGBHJEEEEHEEBBCDEDB@@BDDBDBD+>:<B<AC@B28?@?ACCC>>CC>CCCCC>CA@AA>@@@C@	1:0:0	chr9:F140059530
D6L3XBQ1_208:1:1101:10005:98756#10@0/2	TTTAGAGAAAGGGAAAGAGGAAGAAGTGAAAATGACCACTGAAGGTAGGACTGTTTATTTTTGAAACTTTACACATGCTGAACCACCCTGTTTTTTTTTTA	CCCFFFFFHHHHHIJJJGJJHIJJJJFFHJJJGJJJJJIIJJJJJ?DGIHHIJIJJIJJIJJJGIFIJJHHHHHHFFFFFFEEDEDDDDDDDDDDDDDDD@	1:0:0	chr2:F182775313
D6L3XBQ1_208:1:1101:10006:17256#10@0/2	TCTCCATACAGGTGCACTGCTCCGGGCAGCGCGGGCTCAGCTGGCAGCTACTCTCCTCGTTGCCTGTGGAGAGCCCCAGAGAGGGTGAGGGGTGTGG	@@@FFFDDHGHH8EHHJGGGIIJIJGIIIIIJGEGHBEFDFEDF@ADBDD@@CDCDDD@ABDDDCACCACBDD?ABD?8<ACDDB+<<ABB&099??	0:1:0	chr5:F168175377T92
D6L3XBQ1_208:1:1101:10006:22426#10@0/2	GTCTTACCACTGGGTCAAGCACTTACCGTGACAATGGTGTAATGATTTGGGAAGGTTTTGGTAGGATACATAGCTCTCATGTATTTTGAATGAATTCCACA	@B@FFFEFHHHHHIFHGHIHIIJIJJJJIJJJJJIJJGEHGGIIEHIIJIIGHJIFHIJJJHIGIJJGHHGHHFFFFFFEECEFDDEDBDDDDCDEC@>AA	1:0:0	chr6:R131992393
D6L3XBQ1_208:1:1101:10006:24276#10@0/2	CCTTATAGGACCATGGTCAGGGCTGAGTGACTCGGTCAGTGAAGCGCTTGGTGCGATGCCTAGCACATGGTAGTGTCTAATAGGTCAGCTGTGACTGTTTG	CCCFFFFFHGHHHJJJHIJJJJJJJJJFGIJJJJJCGIJHIIHE@HIJJJIHHIIGIJHHFHHFFFFFDE>CEAC@CDEDECCC:CCDCDDCCDDDDCDDD	1:0:0	chr20:F371770
D6L3XBQ1_208:1:1101:10006:24403#10@0/2	ACAGGGAAGTCTCAGAGCCACTGGATTCAGTGCTGTCCTAGAGCCCTTAGGCCCCTAAAATCTGTGATGCTACGGACCAAAGTCTAGATCGGAAGAGCGTC	CCCFFFFFGDHHHJJIGGIJIIIJIJIBHHJIIIIAGHIIEGGDIIJJJJJIHGHJFGIIIJJJFGGIJIIJHHHDFDDDDDACDCDCCCAB<B?BDDD5<	0:0:0:0:1	chr15:F65563185<-4>85<-2>91<-4>94C99@35/1
