HWI-ST661:153:D0FTJACXX:2:1102:13924:124292 1:N:0:GCCAAT	GTGATTTCTGCCCAGTGCTCTGAATGTCAAAGTGAAGAAATTCAATGAAGCGCGGGTAAACGGCGGGAGTAACTA	@@@DDDDFHHHFHJJCEGIHIJEHJJ@HGHGDAFFGHHIGIHGEGGIGHIIJFGIG:A>B;=A?BDD>D8AC@@:	0:2+1	chr11:+:77597507:51A23,chrX:+:108297381:64A10,chr1:+:237766340:50GA23
HWI-ST661:153:D0FTJACXX:2:1102:13839:124327 1:Y:0:CCCAAT	CTCTACTCCCACTAATAGCTTCTTGATGACTTCTAGCAGGCCTCGCTAACGTCGCCTTACCCCCCACTATTAACC	###########################################################################	0:0:0:1+0:0:0:0:0:0:0:0:0:0:0:0:0:0:0:0:0:0:0:0:0:0:0:0:0:0:0:0:0:0:0:0:0:0:0:0:0:1	chrM:+:11809:21T16A11C24,chr5:+:134997659:A2AT1AGAGCAA3GCA1AT1CAT1TTTGATAG1TG1TG1C1TA1G1AAAGAT1A18
HWI-ST661:153:D0FTJACXX:2:1102:13844:124405 1:N:0:GCCAAT	GCTACACCCTAGACCAAACCTACGCCAAAATCCATTTCACTATCATATTCATCGGCGTAAATCTAACTTTCTTCC	CCCFFFFFHHHHHJJJJJJJJJIJJJJJJJJJJJJJJJJJJJJJJJJJJJJJIIIIJHHHFFFFFFEEEEDDCDD	1+1	chrM:+:7109:75,chr1:+:567659:38G36
HWI-ST661:153:D0FTJACXX:2:1102:13890:124422 1:N:0:GCCAAT	TAAGCACAAGAGAAAGAAGGTTAAGCTGGCTGTCCTGAAATATTATAAGGTGGATGAGAATGGCAAAATTAGTCG	CCCFFFFFHHHGHJJJJJJJHHJJJJJJJIJJIIJJJGGHHIIJJJJJJJDGIJJJIJGIJJJJIJJIJJJHGHH	0:2+2	chr6:+:113902972:73T1,chr16:-:61089473:42C32,chr19:+:7731168:21G52A,chr1:+:192685585:31C41T1
HWI-ST661:153:D0FTJACXX:2:1102:13985:124441 1:N:0:GCCAAT	GTCACTTGGTACATATGACCGTGGTCTCCGGCAGCAACGTGACTCTGAACATCTCTGAGAGCCTGCCTGAGAACT	CCCFFFFFHFHHHJJJIJJJJJJJJJJJJJJJIJJIIJJIIIJJJJJJJJJIIEIJJIJIHHHHFFFFFEEAAEC	1	chr1:-:160654905:75
HWI-ST661:153:D0FTJACXX:2:1102:13866:124450 1:N:0:GCCAAT	GTTGACTTACCAGAAGAAAAGCTTCCAATTTCTGACAGCCCTCCTGATACTCAAGAAATTCATGTGATTGAACAA	@@@FDFFFHHHHFIJGGIJJJJJJJJIJJJJIJJGIIJIJEGHIIJJJIIJGIIJJJGIGIJIGHHDGIJG@D>D	0:1	chr2:-:162359617:74G
HWI-ST661:153:D0FTJACXX:2:1102:13753:124452 1:N:0:GCCAAT	AGCAGCTGTCAGGGAGGCCCAGTCACAGTCCAGCAATTCCACAACCACCTTGACCAATGCTTGCCAAGCTGTTTT	@CCFDDFFHHHHGIGGIIJJIGEGGIIJIIIJIIHCHIGIJJJJIJJIIGCHIGGIIGGICGIIFFEGFEBCDDC	0:1	chr9:+:38397301:54G20
HWI-ST661:153:D0FTJACXX:2:1102:14211:124259 1:N:0:GCCAAT	CCTGGACTGGGTCCTTGCACAGCACAGGGAAGATGCCACGGTACAGGTGGGCCTGACGAGCTGTCTGGGGATTCC	@@CDDDDFHDFCFGHIIGIGGIIGHIIIDGGHGIICHGIIIBEHGIIBBFGGAGIGI<=4?BC;@AC;=;78:>;	1	chr15:+:72492866:75
HWI-ST661:153:D0FTJACXX:2:1102:14019:124348 1:N:0:GCCAAT	ATCAGATGTTGTCTCCAGATGCACCATGTCAGATTAGTAAAGGAGAACCATCTACACCTACATAGAAAAGTATCC	CCCFFFFFHHHHHJJJJJJJJJJJJJJJIIIIJJJIJIJJJJJJJJJJJJJJJJJJJJJJJIJIJGIGHJFFHIE	0	-
HWI-ST661:153:D0FTJACXX:2:1102:14081:124353 1:N:0:GCCAAT	CAGGGATAACTGGCTTGTGGCGGCCAAGCGTTCATAGCGACGTCGCTTTTTGATCCTTCGATGTCGGCTCTTCCT	CCCFFFFFHHHHHJJJIEHJJJJFHDHGGGDGCAGGGIJIIGF<ABBBDDD?@CCDDDCBBDDAC88>?BCCACC	1	chr1:-:91852848:75
